E131:/home/mark/app/uxf/testdata/e130.uxe:3:expected List, Map, or Table
