uxf:E151:e151.uxe:0:failed to read UXF file version number
