E160:/home/mark/app/uxf/testdata/e160.uxe:2:invalid comment syntax: expected '<', got '['
