uxf:E190:e190.uxe:1:inline comments may only occur at the start of Lists, Maps, Tables, and TClasses
