E210:/home/mark/app/uxf/testdata/e210.uxe:2:failed to parse real, got "3e4e"
