E240:/home/mark/app/uxf/testdata/e240.uxe:2:failed to parse "2021-11-05T4:" as datetime: trailing input
