uxf:E270:e270.uxe:2:unterminated string
uxf:E446:e270.uxe:2:expected list vtype, got a
