uxf.py:t28.uxf:39:#422:unused ttypes: 'IPv4', 'IntPair', 'Playlists', 'RGB', 'RGBA'
