uxf:E446:e446.uxe:1:expected list vtype, got thing
