uxf.py:error:uxf:F450:e450b.uxe:1:expected table ttype, got int
