uxf:E550:e550.uxe:2:failed to import 'http://localhost:5558/missing.uxi': HTTP Error 404: File not found
