W422:/home/mark/app/uxf/testdata/i67.uxi:11:unused ttype: dob
