uxf:W422:pair1.uxt:4:unused ttypes: 'Fraction' 'pair'
