{
  "UXF^ttypes": [
    {
      "UXF^ttype": {
        "name": "Categories",
        "fields": {
          "CID": "int",
          "title": "str",
          "selected": "bool",
          "when": "date"
        }
      }
    },
    {
      "UXF^ttype": {
        "name": "Playlists",
        "fields": {
          "PID": "int",
          "title": null,
          "cid": "int",
          "selected": "real",
          "timestamp": "datetime"
        }
      }
    }
  ],
  "UXF^data": [
    {
      "UXF^table": {
        "name": "Categories",
        "comment": null,
        "fields": {
          "CID": "int",
          "title": "str",
          "selected": "bool",
          "when": "date"
        },
        "records": [
          [
            5,
            "Classical",
            true,
            {
              "UXF^date": "2001-12-27"
            }
          ],
          [
            4,
            "Modern Instrumental",
            false,
            {
              "UXF^date": "1973-10-18"
            }
          ],
          [
            1,
            "New Acquistions",
            false,
            {
              "UXF^date": "2019-02-10"
            }
          ],
          [
            2,
            "Pop",
            false,
            {
              "UXF^date": "1983-04-07"
            }
          ],
          [
            3,
            "Punk",
            false,
            {
              "UXF^date": "1999-06-09"
            }
          ],
          [
            7,
            "Uncategorized",
            false,
            {
              "UXF^date": "1992-02-24"
            }
          ],
          [
            6,
            "Unpopular Pop",
            false,
            {
              "UXF^date": "2004-04-11"
            }
          ]
        ]
      }
    },
    {
      "UXF^table": {
        "name": "Playlists",
        "comment": null,
        "fields": {
          "PID": "int",
          "title": null,
          "cid": "int",
          "selected": "real",
          "timestamp": "datetime"
        },
        "records": [
          [
            4,
            "ABBA",
            2,
            "wrong",
            {
              "UXF^datetime": "1998-09-19T23:57:59"
            }
          ],
          [
            38,
            "Bach",
            5,
            2.0,
            {
              "UXF^datetime": "1982-07-12T23:57:12"
            }
          ],
          [
            39,
            "Bartok",
            5,
            -3.0,
            {
              "UXF^datetime": "1983-04-13T23:46:31"
            }
          ],
          [
            5,
            "Beatles",
            2,
            4.0,
            {
              "UXF^datetime": "2022-04-11T23:48:01"
            }
          ],
          [
            40,
            "Beethoven",
            5,
            null,
            {
              "UXF^datetime": "1986-06-11T23:47:25"
            }
          ],
          [
            6,
            "Blondie",
            2,
            6.7,
            {
              "UXF^datetime": "1995-11-23T23:56:03"
            }
          ],
          [
            52,
            "Bob Marley",
            6,
            9.0,
            {
              "UXF^datetime": "1981-02-27T23:56:53"
            }
          ],
          [
            7,
            "Bruce Springsteen",
            2,
            -8.0,
            {
              "UXF^datetime": "1995-08-10T23:56:32"
            }
          ],
          [
            41,
            "Chopin",
            5,
            11.0,
            {
              "UXF^datetime": "1973-11-23T23:53:54"
            }
          ],
          [
            37,
            "Classical",
            5,
            0.0,
            {
              "UXF^datetime": "1992-11-18T23:57:27"
            }
          ],
          [
            8,
            "David Bowie",
            2,
            1.0,
            {
              "UXF^datetime": "2008-09-01T23:59:46"
            }
          ]
        ]
      }
    }
  ]
}
