<?xml version="1.0" ?>
<uxf version="1.0" custom="TLM Config">
  <ttypes>
    <ttype name="Categories">
      <field name="CID"/>
      <field name="Title"/>
      <field name="Selected"/>
    </ttype>
    <ttype name="Files">
      <field name="Kind"/>
      <field name="Filename"/>
    </ttype>
    <ttype name="Playlists">
      <field name="PID"/>
      <field name="Title"/>
      <field name="CID"/>
      <field name="Selected"/>
    </ttype>
  </ttypes>
  <map>
    <key>
      <str>General</str>
    </key>
    <value>
      <map>
        <key>
          <str>autosave</str>
        </key>
        <value>
          <yes/>
        </value>
        <key>
          <str>files</str>
        </key>
        <value>
          <table name="Files">
            <row>
              <str>current</str>
              <str>/home/mark/app/rs/tlm/PlaylistsTest.tlm</str>
            </row>
            <row>
              <str>recent1</str>
              <str>/home/mark/app/rs/tlm/PlaylistsTest.tlm</str>
            </row>
            <row>
              <str>recent2</str>
              <str>/home/mark/data/playlists-all.tlm</str>
            </row>
          </table>
        </value>
        <key>
          <str>historysize</str>
        </key>
        <value>
          <int v="-35"/>
        </value>
        <key>
          <str>saved</str>
        </key>
        <value>
          <date v="2022-03-21"/>
        </value>
        <key>
          <str>volume</str>
        </key>
        <value>
          <real v="0.7"/>
        </value>
      </map>
    </value>
    <key>
      <str>Magic</str>
    </key>
    <value>
      <bytes>1F8B</bytes>
    </value>
    <key>
      <str>Nested Map</str>
    </key>
    <value>
      <map>
        <key>
          <str>Classical</str>
        </key>
        <value>
          <list>
            <int v="5"/>
            <yes/>
          </list>
        </value>
        <key>
          <str>Modern Instrumental</str>
        </key>
        <value>
          <list>
            <int v="4"/>
            <no/>
          </list>
        </value>
        <key>
          <str>Nested List of Lists</str>
        </key>
        <value>
          <list>
            <list>
              <int v="5"/>
              <str>Classical</str>
              <yes/>
            </list>
            <list>
              <int v="4"/>
              <str>Modern Instrumental</str>
              <no/>
            </list>
            <list>
              <int v="1"/>
              <str>New Acquistions</str>
              <no/>
            </list>
          </list>
        </value>
        <key>
          <str>Nested List of Tables</str>
        </key>
        <value>
          <list>
            <table name="Categories">
              <row>
                <int v="5"/>
                <str>Classical</str>
                <yes/>
              </row>
              <row>
                <int v="4"/>
                <str>Modern Instrumental</str>
                <no/>
              </row>
              <row>
                <int v="1"/>
                <str>New Acquistions</str>
                <no/>
              </row>
              <row>
                <int v="2"/>
                <str>Pop</str>
                <no/>
              </row>
              <row>
                <int v="3"/>
                <str>Punk</str>
                <no/>
              </row>
              <row>
                <int v="7"/>
                <str>Uncategorized</str>
                <no/>
              </row>
              <row>
                <int v="6"/>
                <str>Unpopular Pop</str>
                <no/>
              </row>
            </table>
            <table name="Playlists">
              <row>
                <int v="4"/>
                <str>ABBA</str>
                <int v="2"/>
                <no/>
              </row>
              <row>
                <int v="38"/>
                <str>Bach</str>
                <int v="5"/>
                <no/>
              </row>
              <row>
                <int v="39"/>
                <str>Bartok</str>
                <int v="5"/>
                <no/>
              </row>
              <row>
                <int v="5"/>
                <str>Beatles</str>
                <int v="2"/>
                <no/>
              </row>
              <row>
                <int v="40"/>
                <str>Beethoven</str>
                <int v="5"/>
                <no/>
              </row>
              <row>
                <int v="6"/>
                <str>Blondie</str>
                <int v="2"/>
                <no/>
              </row>
              <row>
                <int v="52"/>
                <str>Bob Marley</str>
                <int v="6"/>
                <yes/>
              </row>
              <row>
                <int v="7"/>
                <str>Bruce Springsteen</str>
                <int v="2"/>
                <no/>
              </row>
              <row>
                <int v="41"/>
                <str>Chopin</str>
                <int v="5"/>
                <yes/>
              </row>
              <row>
                <int v="37"/>
                <str>Classical</str>
                <int v="5"/>
                <no/>
              </row>
              <row>
                <int v="8"/>
                <str>David Bowie</str>
                <int v="2"/>
                <no/>
              </row>
              <row>
                <int v="9"/>
                <str>Dire Straits</str>
                <int v="2"/>
                <no/>
              </row>
            </table>
          </list>
        </value>
        <key>
          <str>Nested Table</str>
        </key>
        <value>
          <table name="Categories">
            <row>
              <int v="5"/>
              <str>Classical</str>
              <yes/>
            </row>
            <row>
              <int v="4"/>
              <str>Modern Instrumental</str>
              <no/>
            </row>
            <row>
              <int v="1"/>
              <str>New Acquistions</str>
              <no/>
            </row>
            <row>
              <int v="2"/>
              <str>Pop</str>
              <no/>
            </row>
            <row>
              <int v="3"/>
              <str>Punk</str>
              <no/>
            </row>
            <row>
              <int v="7"/>
              <str>Uncategorized</str>
              <no/>
            </row>
            <row>
              <int v="6"/>
              <str>Unpopular Pop</str>
              <no/>
            </row>
          </table>
        </value>
        <key>
          <str>New Acquistions</str>
        </key>
        <value>
          <list>
            <int v="1"/>
            <no/>
          </list>
        </value>
      </map>
    </value>
    <key>
      <str>Window</str>
    </key>
    <value>
      <map>
        <key>
          <str>height</str>
        </key>
        <value>
          <int v="536"/>
        </value>
        <key>
          <str>scale</str>
        </key>
        <value>
          <real v="1.1"/>
        </value>
        <key>
          <str>width</str>
        </key>
        <value>
          <int v="590"/>
        </value>
        <key>
          <str>x</str>
        </key>
        <value>
          <int v="383"/>
        </value>
        <key>
          <str>y</str>
        </key>
        <value>
          <int v="124"/>
        </value>
      </map>
    </value>
  </map>
</uxf>
