{
  "UXF^ttypes": [
    {
      "UXF^ttype": {
        "name": "Files",
        "fields": {
          "Kind": null,
          "Filename": null
        }
      }
    }
  ],
  "UXF^data": {
    "UXF^map": {
      "comment": null,
      "ktype": "str",
      "vtype": null,
      "map": {
        "General": {
          "UXF^map": {
            "comment": "Map comment",
            "ktype": "str",
            "vtype": null,
            "map": {
              "autosave": true,
              "files": {
                "UXF^table": {
                  "name": "Files",
                  "comment": "Table comment",
                  "fields": {
                    "Kind": null,
                    "Filename": null
                  },
                  "records": [
                    [
                      "current",
                      "/home/mark/app/rs/tlm/PlaylistsTest.tlm"
                    ],
                    [
                      "recent1",
                      "/home/mark/app/rs/tlm/PlaylistsTest.tlm"
                    ],
                    [
                      "recent2",
                      "/home/mark/data/playlists-all.tlm"
                    ]
                  ]
                }
              },
              "historysize": -35,
              "saved": {
                "UXF^date": "2022-03-21"
              },
              "volume": 0.7
            }
          }
        },
        "Magic": {
          "UXF^bytes": "1F8B11FF0C"
        },
        "Nested Map": {
          "UXF^map": {
            "comment": null,
            "ktype": "str",
            "vtype": "list",
            "map": {
              "Classical": [
                5,
                true
              ],
              "Modern Instrumental": [
                4,
                false
              ],
              "Nested List of Lists": {
                "UXF^list": {
                  "comment": "List comment",
                  "vtype": "list",
                  "list": [
                    [
                      5,
                      "Classical & <Special>",
                      true
                    ],
                    [
                      4,
                      "Modern Instrumental",
                      null
                    ],
                    [
                      1,
                      "New Acquistions",
                      false
                    ]
                  ]
                }
              },
              "New Acquistions": [
                1,
                false
              ]
            }
          }
        },
        "Window": {
          "UXF^map": {
            "comment": null,
            "ktype": "str",
            "vtype": null,
            "map": {
              "height": 536,
              "scale": 1.1,
              "width": 590,
              "x": 383,
              "y": 124
            }
          }
        }
      }
    }
  }
}