{
  "UXF^ttypes": [
    {
      "UXF^ttype": {
        "name": "IP4",
        "fields": {
          "A": "int",
          "B": "int",
          "C": "int",
          "D": "int"
        }
      }
    },
    {
      "UXF^ttype": {
        "name": "IntPair",
        "fields": {
          "First": "int",
          "Second": "int"
        }
      }
    },
    {
      "UXF^ttype": {
        "name": "RGB",
        "fields": {
          "Red": "int",
          "Green": "int",
          "Blue": "int"
        }
      }
    }
  ],
  "UXF^data": {
    "UXF^list": {
      "comment": "Unused TTypes produce warnings when converting from uxf to uxf.\nOne way to avoid the warnings is to use them for empty tables.",
      "vtype": null,
      "list": [
        {
          "UXF^table": {
            "name": "IntPair",
            "comment": null,
            "fields": {
              "First": "int",
              "Second": "int"
            },
            "records": []
          }
        },
        {
          "UXF^table": {
            "name": "IP4",
            "comment": null,
            "fields": {
              "A": "int",
              "B": "int",
              "C": "int",
              "D": "int"
            },
            "records": [
              [
                168,
                1,
                4,
                29
              ],
              [
                192,
                0,
                18,
                27
              ]
            ]
          }
        },
        {
          "UXF^table": {
            "name": "RGB",
            "comment": null,
            "fields": {
              "Red": "int",
              "Green": "int",
              "Blue": "int"
            },
            "records": []
          }
        }
      ]
    }
  }
}