{
  "UXF^comment": "File-level comment",
  "UXF^data": []
}