<?xml version="1.0" ?>
<uxf version="1">
  <comment>File-level comment</comment>
  <list/>
</uxf>
