{
  "UXF^custom": "My Custom Format",
  "UXF^comment": "Another file-level comment",
  "UXF^data": {}
}