<?xml version="1.0" ?>
<uxf version="1">
  <comment>File-level comment</comment>
  <ttypes>
    <ttype name="Pair">
      <field name="first" vtype="str"/>
      <field name="second" vtype="str"/>
    </ttype>
  </ttypes>
  <map/>
</uxf>
