<?xml version="1.0" ?>
<uxf version="1.0" custom="TLM Config">
  <imports>
    <import filename="ttype-test.uxi"/>
  </imports>
  <ttypes>
    <ttype name="Files">
      <field name="Kind"/>
      <field name="Filename"/>
    </ttype>
    <ttype name="IPv4">
      <field name="A" vtype="int"/>
      <field name="B" vtype="int"/>
      <field name="C" vtype="int"/>
      <field name="D" vtype="int"/>
    </ttype>
    <ttype name="pair" comment="a pair of any two values">
      <field name="first"/>
      <field name="second"/>
    </ttype>
    <ttype name="point">
      <field name="x" vtype="int"/>
      <field name="y" vtype="int"/>
      <field name="z" vtype="int"/>
    </ttype>
    <ttype name="rgb" comment="0-255 per component">
      <field name="red" vtype="int"/>
      <field name="green" vtype="int"/>
      <field name="blue" vtype="int"/>
    </ttype>
    <ttype name="rgba" comment="0-255 per component">
      <field name="red" vtype="int"/>
      <field name="green" vtype="int"/>
      <field name="blue" vtype="int"/>
      <field name="alpha" vtype="int"/>
    </ttype>
  </ttypes>
  <map>
    <key>
      <str>files</str>
    </key>
    <value>
      <table name="Files">
        <row>
          <str>current</str>
          <str>/home/mark/app/rs/tlm/PlaylistsTest.tlm</str>
        </row>
        <row>
          <str>recent1</str>
          <str>/home/mark/app/rs/tlm/PlaylistsTest.tlm</str>
        </row>
        <row>
          <str>recent2</str>
          <str>/home/mark/data/playlists-all.tlm</str>
        </row>
      </table>
    </value>
    <key>
      <str>More Tests</str>
    </key>
    <value>
      <list comment="A list of name value pairs; normally would be a map">
        <str>one</str>
        <table name="IPv4">
          <row>
            <int v="141"/>
            <int v="179"/>
            <int v="19"/>
            <int v="9"/>
          </row>
        </table>
        <str>many</str>
        <table name="IPv4">
          <row>
            <int v="172"/>
            <int v="16"/>
            <int v="254"/>
            <int v="1"/>
          </row>
          <row>
            <int v="192"/>
            <int v="0"/>
            <int v="2"/>
            <int v="235"/>
          </row>
          <row>
            <int v="127"/>
            <int v="0"/>
            <int v="0"/>
            <int v="1"/>
          </row>
        </table>
        <str>red</str>
        <table name="rgb">
          <row>
            <int v="255"/>
            <int v="0"/>
            <int v="0"/>
          </row>
        </table>
        <str>semi-transparent blue</str>
        <table name="rgba">
          <row>
            <int v="0"/>
            <int v="0"/>
            <int v="255"/>
            <int v="80"/>
          </row>
        </table>
        <str>points</str>
        <table name="point">
          <row>
            <int v="-1"/>
            <int v="2"/>
            <int v="3"/>
          </row>
          <row>
            <int v="-4"/>
            <int v="5"/>
            <int v="6"/>
          </row>
          <row>
            <int v="-7"/>
            <int v="8"/>
            <int v="9"/>
          </row>
        </table>
      </list>
    </value>
  </map>
</uxf>
