{
  "UXF^custom": "TLM Config",
  "UXF^comment": "A single comment may be placed at the start after the uxf header and\nbefore evertthing else.",
  "UXF^ttypes": [
    {
      "UXF^ttype": {
        "name": "Categories",
        "fields": {
          "CID": null,
          "Title": null,
          "Selected": null
        }
      }
    },
    {
      "UXF^ttype": {
        "name": "Files",
        "fields": {
          "Kind": null,
          "Filename": null
        }
      }
    }
  ],
  "UXF^data": {
    "General": {
      "autosave": true,
      "files": {
        "UXF^table": {
          "name": "Files",
          "comment": null,
          "fields": {
            "Kind": null,
            "Filename": null
          },
          "records": [
            [
              "current",
              "/home/mark/app/rs/tlm/PlaylistsTest.tlm"
            ],
            [
              "recent1",
              "/home/mark/app/rs/tlm/PlaylistsTest.tlm"
            ],
            [
              "recent2",
              "/home/mark/data/playlists-all.tlm"
            ]
          ]
        }
      },
      "historysize": -35,
      "saved": {
        "UXF^date": "2022-03-21"
      },
      "volume": 0.7
    },
    "Magic": {
      "UXF^bytes": "1F8B"
    },
    "Nested Dict": {
      "Classical": [
        5,
        true
      ],
      "Modern Instrumental": [
        4,
        false
      ],
      "Nested List of Lists": [
        [
          5,
          "Classical",
          true
        ],
        [
          4,
          "Modern Instrumental",
          false
        ],
        [
          1,
          "New Acquistions",
          false
        ]
      ],
      "Nested Table": {
        "UXF^table": {
          "name": "Categories",
          "comment": null,
          "fields": {
            "CID": null,
            "Title": null,
            "Selected": null
          },
          "records": [
            [
              5,
              "Classical",
              true
            ],
            [
              4,
              "Modern Instrumental",
              false
            ],
            [
              1,
              "New Acquistions",
              false
            ],
            [
              2,
              "Pop",
              false
            ],
            [
              3,
              "Punk",
              null
            ],
            [
              null,
              null,
              false
            ],
            [
              6,
              "Unpopular Pop",
              false
            ]
          ]
        }
      },
      "New Acquistions": [
        1,
        false
      ]
    },
    "Window": {
      "height": 536,
      "scale": 1.1,
      "width": 590,
      "x": 383,
      "y": 124
    }
  }
}