{
  "UXF^table": {
    "comment": null,
    "name": "Countries",
    "fields": {
      "Name": null
    },
    "records": [
      [
        "Netherlands"
      ],
      [
        "Wales"
      ],
      [
        "Belgium"
      ],
      [
        "Australia"
      ],
      [
        "Japan"
      ],
      [
        "Ukraine"
      ]
    ]
  }
}