{
  "General": {
    "saved": {
      "UXF^date": "2022-03-21"
    },
    "autosave": true,
    "historysize": -35,
    "volume": 0.7,
    "files": {
      "UXF^table": {
        "name": "Files",
        "comment": null,
        "fields": {
          "kind": null,
          "filename": null
        },
        "records": [
          [
            "current",
            "/home/mark/app/rs/tlm/PlaylistsTest.tlm"
          ],
          [
            "recent1",
            "/home/mark/app/rs/tlm/PlaylistsTest.tlm"
          ],
          [
            "recent2",
            "/home/mark/data/playlists-all.tlm"
          ]
        ]
      }
    }
  },
  "Window": {
    "x": 383,
    "y": 124,
    "width": 590,
    "height": 536,
    "scale": 1.1
  },
  "Magic": {
    "UXF^bytes": "1F8B"
  }
}