{
  "General": {
    "UXF:map": {
      "comment": "Various configuration items",
      "map": {
        "saved": {
          "UXF:date": "2022-03-21"
        },
        "autosave": true,
        "historysize": -35,
        "volume": 0.7,
        "files": {
          "UXF:table": {
            "comment": "Another little comment",
            "name": "Files",
            "fieldnames": [
              "kind",
              "filename"
            ],
            "records": [
              [
                "current",
                "/home/mark/app/rs/tlm/PlaylistsTest.tlm"
              ],
              [
                "recent1",
                "/home/mark/app/rs/tlm/PlaylistsTest.tlm"
              ],
              [
                "recent2",
                "/home/mark/data/playlists-all.tlm"
              ]
            ]
          }
        }
      }
    }
  },
  "Window": {
    "UXF:map": {
      "comment": "Some numbers",
      "map": {
        "pos": {
          "UXF:ntuple": [
            383,
            124
          ]
        },
        "size": {
          "UXF:ntuple": [
            590,
            536
          ]
        },
        "scale": 1.1
      }
    }
  },
  "UXF Type Tests": [
    "one",
    {
      "UXF:ntuple": [
        -14.1,
        17.9,
        199.0
      ]
    },
    "many",
    [
      {
        "UXF:ntuple": [
          172,
          16,
          254,
          1
        ]
      },
      {
        "UXF:ntuple": [
          192,
          0,
          2,
          235
        ]
      },
      {
        "UXF:ntuple": [
          127,
          0,
          0,
          1
        ]
      }
    ],
    "red",
    {
      "UXF:ntuple": [
        255,
        0,
        0
      ]
    },
    "semi-transparent blue",
    {
      "UXF:ntuple": [
        0,
        0,
        255,
        80
      ]
    }
  ],
  "Magic": {
    "UXF:bytes": "1F8B"
  },
  "Nested Map": {
    "UXF:map": {
      "comment": "Another comment this time in a nested map",
      "map": {
        "Classical": [
          5,
          true
        ],
        "Modern Instrumental": [
          4,
          false
        ],
        "New Acquistions": [
          1,
          false
        ],
        "Nested List of Lists": {
          "UXF:list": {
            "comment": "Just a little list",
            "list": [
              [
                5,
                "Classical",
                true
              ],
              [
                4,
                "Modern Instrumental",
                false
              ],
              [
                1,
                "New Acquistions",
                false
              ]
            ]
          }
        },
        "Nested Table": {
          "UXF:table": {
            "comment": "A table with a rather long comment just to\nshow what can be done.",
            "name": "Categories",
            "fieldnames": [
              "CID",
              "Title",
              "Selected"
            ],
            "records": [
              [
                5,
                "Classical",
                true
              ],
              [
                4,
                "Modern Instrumental",
                false
              ],
              [
                1,
                "New Acquistions",
                false
              ],
              [
                2,
                "Pop",
                false
              ],
              [
                3,
                "Punk",
                false
              ],
              [
                7,
                "Uncategorized",
                false
              ],
              [
                6,
                "Unpopular Pop",
                false
              ]
            ]
          }
        },
        "Nested List of Tables": {
          "UXF:list": {
            "comment": "Yet another comment in a list",
            "list": [
              {
                "UXF:table": {
                  "comment": null,
                  "name": "Categories",
                  "fieldnames": [
                    "CID",
                    "Title",
                    "Selected"
                  ],
                  "records": [
                    [
                      5,
                      "Classical",
                      true
                    ],
                    [
                      4,
                      "Modern Instrumental",
                      false
                    ],
                    [
                      1,
                      "New Acquistions",
                      false
                    ],
                    [
                      2,
                      "Pop",
                      false
                    ],
                    [
                      3,
                      "Punk",
                      false
                    ],
                    [
                      7,
                      "Uncategorized",
                      false
                    ],
                    [
                      6,
                      "Unpopular Pop",
                      false
                    ]
                  ]
                }
              },
              {
                "UXF:table": {
                  "comment": "Comments may appear at the beginning of any list, map or table",
                  "name": "Playlists",
                  "fieldnames": [
                    "PID",
                    "Title",
                    "CID",
                    "Selected"
                  ],
                  "records": [
                    [
                      4,
                      "ABBA",
                      2,
                      false
                    ],
                    [
                      38,
                      "Bach",
                      5,
                      false
                    ],
                    [
                      39,
                      "Bartok",
                      5,
                      false
                    ],
                    [
                      5,
                      "Beatles",
                      2,
                      false
                    ],
                    [
                      40,
                      "Beethoven",
                      5,
                      false
                    ],
                    [
                      6,
                      "Blondie",
                      2,
                      false
                    ],
                    [
                      52,
                      "Bob Marley",
                      6,
                      true
                    ],
                    [
                      7,
                      "Bruce Springsteen",
                      2,
                      false
                    ],
                    [
                      41,
                      "Chopin",
                      5,
                      true
                    ],
                    [
                      37,
                      "Classical",
                      5,
                      false
                    ],
                    [
                      8,
                      "David Bowie",
                      2,
                      false
                    ],
                    [
                      9,
                      "Dire Straits",
                      2,
                      false
                    ]
                  ]
                }
              }
            ]
          }
        }
      }
    }
  }
}